<?xml version="1.0" encoding="ISO-8859-1" ?>
<link_info>
   <banner>TI ARM Linker PC v20.2.5.LTS</banner>
   <copyright>Copyright (c) 1996-2018 Texas Instruments Incorporated</copyright>
   <link_time>0x62715c56</link_time>
   <link_errors>0x0</link_errors>
   <output_file>Lab9_Antonio_Buentello.out</output_file>
   <entry_point>
      <name>_c_int00_noargs</name>
      <address>0x497d</address>
   </entry_point>
   <input_file_list>
      <input_file id="fl-2">
         <path>.\</path>
         <kind>object</kind>
         <file>Lab9_Antonio_Buentello.obj</file>
         <name>Lab9_Antonio_Buentello.obj</name>
      </input_file>
      <input_file id="fl-3">
         <path>.\</path>
         <kind>object</kind>
         <file>adc0.obj</file>
         <name>adc0.obj</name>
      </input_file>
      <input_file id="fl-4">
         <path>.\</path>
         <kind>object</kind>
         <file>clock.obj</file>
         <name>clock.obj</name>
      </input_file>
      <input_file id="fl-5">
         <path>.\</path>
         <kind>object</kind>
         <file>lab5call.obj</file>
         <name>lab5call.obj</name>
      </input_file>
      <input_file id="fl-6">
         <path>.\</path>
         <kind>object</kind>
         <file>rgb_led.obj</file>
         <name>rgb_led.obj</name>
      </input_file>
      <input_file id="fl-7">
         <path>.\</path>
         <kind>object</kind>
         <file>tm4c123gh6pm_startup_ccs.obj</file>
         <name>tm4c123gh6pm_startup_ccs.obj</name>
      </input_file>
      <input_file id="fl-8">
         <path>.\</path>
         <kind>object</kind>
         <file>uart0.obj</file>
         <name>uart0.obj</name>
      </input_file>
      <input_file id="fl-9">
         <path>.\</path>
         <kind>object</kind>
         <file>wait.obj</file>
         <name>wait.obj</name>
      </input_file>
      <input_file id="fl-d">
         <kind>object</kind>
         <file>&lt;internal&gt;</file>
         <name>&lt;internal&gt;</name>
      </input_file>
      <input_file id="fl-c3">
         <path>C:\ti\ccs1110\ccs\tools\compiler\ti-cgt-arm_20.2.5.LTS\lib\</path>
         <kind>archive</kind>
         <file>rtsv7M4_T_le_v4SPD16_eabi.lib</file>
         <name>sprintf.c.obj</name>
      </input_file>
      <input_file id="fl-c4">
         <path>C:\ti\ccs1110\ccs\tools\compiler\ti-cgt-arm_20.2.5.LTS\lib\</path>
         <kind>archive</kind>
         <file>rtsv7M4_T_le_v4SPD16_eabi.lib</file>
         <name>e_log10.c.obj</name>
      </input_file>
      <input_file id="fl-c5">
         <path>C:\ti\ccs1110\ccs\tools\compiler\ti-cgt-arm_20.2.5.LTS\lib\</path>
         <kind>archive</kind>
         <file>rtsv7M4_T_le_v4SPD16_eabi.lib</file>
         <name>fd_add_t2.asm.obj</name>
      </input_file>
      <input_file id="fl-c6">
         <path>C:\ti\ccs1110\ccs\tools\compiler\ti-cgt-arm_20.2.5.LTS\lib\</path>
         <kind>archive</kind>
         <file>rtsv7M4_T_le_v4SPD16_eabi.lib</file>
         <name>fd_cmp_t2.asm.obj</name>
      </input_file>
      <input_file id="fl-c7">
         <path>C:\ti\ccs1110\ccs\tools\compiler\ti-cgt-arm_20.2.5.LTS\lib\</path>
         <kind>archive</kind>
         <file>rtsv7M4_T_le_v4SPD16_eabi.lib</file>
         <name>fd_div_t2.asm.obj</name>
      </input_file>
      <input_file id="fl-c8">
         <path>C:\ti\ccs1110\ccs\tools\compiler\ti-cgt-arm_20.2.5.LTS\lib\</path>
         <kind>archive</kind>
         <file>rtsv7M4_T_le_v4SPD16_eabi.lib</file>
         <name>fd_mul_t2.asm.obj</name>
      </input_file>
      <input_file id="fl-c9">
         <path>C:\ti\ccs1110\ccs\tools\compiler\ti-cgt-arm_20.2.5.LTS\lib\</path>
         <kind>archive</kind>
         <file>rtsv7M4_T_le_v4SPD16_eabi.lib</file>
         <name>fd_tos_t2.asm.obj</name>
      </input_file>
      <input_file id="fl-ca">
         <path>C:\ti\ccs1110\ccs\tools\compiler\ti-cgt-arm_20.2.5.LTS\lib\</path>
         <kind>archive</kind>
         <file>rtsv7M4_T_le_v4SPD16_eabi.lib</file>
         <name>fs_tod_t2.asm.obj</name>
      </input_file>
      <input_file id="fl-cb">
         <path>C:\ti\ccs1110\ccs\tools\compiler\ti-cgt-arm_20.2.5.LTS\lib\</path>
         <kind>archive</kind>
         <file>rtsv7M4_T_le_v4SPD16_eabi.lib</file>
         <name>i_tofd_t2.asm.obj</name>
      </input_file>
      <input_file id="fl-cc">
         <path>C:\ti\ccs1110\ccs\tools\compiler\ti-cgt-arm_20.2.5.LTS\lib\</path>
         <kind>archive</kind>
         <file>rtsv7M4_T_le_v4SPD16_eabi.lib</file>
         <name>memcpy_t2.asm.obj</name>
      </input_file>
      <input_file id="fl-cd">
         <path>C:\ti\ccs1110\ccs\tools\compiler\ti-cgt-arm_20.2.5.LTS\lib\</path>
         <kind>archive</kind>
         <file>rtsv7M4_T_le_v4SPD16_eabi.lib</file>
         <name>u_tofd_t2.asm.obj</name>
      </input_file>
      <input_file id="fl-ce">
         <path>C:\ti\ccs1110\ccs\tools\compiler\ti-cgt-arm_20.2.5.LTS\lib\</path>
         <kind>archive</kind>
         <file>rtsv7M4_T_le_v4SPD16_eabi.lib</file>
         <name>memset_t2.asm.obj</name>
      </input_file>
      <input_file id="fl-cf">
         <path>C:\ti\ccs1110\ccs\tools\compiler\ti-cgt-arm_20.2.5.LTS\lib\</path>
         <kind>archive</kind>
         <file>rtsv7M4_T_le_v4SPD16_eabi.lib</file>
         <name>copy_zero_init.c.obj</name>
      </input_file>
      <input_file id="fl-d0">
         <path>C:\ti\ccs1110\ccs\tools\compiler\ti-cgt-arm_20.2.5.LTS\lib\</path>
         <kind>archive</kind>
         <file>rtsv7M4_T_le_v4SPD16_eabi.lib</file>
         <name>copy_decompress_none.c.obj</name>
      </input_file>
      <input_file id="fl-d1">
         <path>C:\ti\ccs1110\ccs\tools\compiler\ti-cgt-arm_20.2.5.LTS\lib\</path>
         <kind>archive</kind>
         <file>rtsv7M4_T_le_v4SPD16_eabi.lib</file>
         <name>copy_decompress_lzss.c.obj</name>
      </input_file>
      <input_file id="fl-d2">
         <path>C:\ti\ccs1110\ccs\tools\compiler\ti-cgt-arm_20.2.5.LTS\lib\</path>
         <kind>archive</kind>
         <file>rtsv7M4_T_le_v4SPD16_eabi.lib</file>
         <name>errno.c.obj</name>
      </input_file>
      <input_file id="fl-d3">
         <path>C:\ti\ccs1110\ccs\tools\compiler\ti-cgt-arm_20.2.5.LTS\lib\</path>
         <kind>archive</kind>
         <file>rtsv7M4_T_le_v4SPD16_eabi.lib</file>
         <name>boot_cortex_m.c.obj</name>
      </input_file>
      <input_file id="fl-d4">
         <path>C:\ti\ccs1110\ccs\tools\compiler\ti-cgt-arm_20.2.5.LTS\lib\</path>
         <kind>archive</kind>
         <file>rtsv7M4_T_le_v4SPD16_eabi.lib</file>
         <name>_printfi.c.obj</name>
      </input_file>
      <input_file id="fl-d5">
         <path>C:\ti\ccs1110\ccs\tools\compiler\ti-cgt-arm_20.2.5.LTS\lib\</path>
         <kind>archive</kind>
         <file>rtsv7M4_T_le_v4SPD16_eabi.lib</file>
         <name>s_frexp.c.obj</name>
      </input_file>
      <input_file id="fl-d6">
         <path>C:\ti\ccs1110\ccs\tools\compiler\ti-cgt-arm_20.2.5.LTS\lib\</path>
         <kind>archive</kind>
         <file>rtsv7M4_T_le_v4SPD16_eabi.lib</file>
         <name>s_scalbn.c.obj</name>
      </input_file>
      <input_file id="fl-d7">
         <path>C:\ti\ccs1110\ccs\tools\compiler\ti-cgt-arm_20.2.5.LTS\lib\</path>
         <kind>archive</kind>
         <file>rtsv7M4_T_le_v4SPD16_eabi.lib</file>
         <name>wcslen.c.obj</name>
      </input_file>
      <input_file id="fl-d8">
         <path>C:\ti\ccs1110\ccs\tools\compiler\ti-cgt-arm_20.2.5.LTS\lib\</path>
         <kind>archive</kind>
         <file>rtsv7M4_T_le_v4SPD16_eabi.lib</file>
         <name>fd_toi_t2.asm.obj</name>
      </input_file>
      <input_file id="fl-d9">
         <path>C:\ti\ccs1110\ccs\tools\compiler\ti-cgt-arm_20.2.5.LTS\lib\</path>
         <kind>archive</kind>
         <file>rtsv7M4_T_le_v4SPD16_eabi.lib</file>
         <name>ull_div_t2.asm.obj</name>
      </input_file>
      <input_file id="fl-da">
         <path>C:\ti\ccs1110\ccs\tools\compiler\ti-cgt-arm_20.2.5.LTS\lib\</path>
         <kind>archive</kind>
         <file>rtsv7M4_T_le_v4SPD16_eabi.lib</file>
         <name>autoinit.c.obj</name>
      </input_file>
      <input_file id="fl-db">
         <path>C:\ti\ccs1110\ccs\tools\compiler\ti-cgt-arm_20.2.5.LTS\lib\</path>
         <kind>archive</kind>
         <file>rtsv7M4_T_le_v4SPD16_eabi.lib</file>
         <name>pre_init.c.obj</name>
      </input_file>
      <input_file id="fl-dc">
         <path>C:\ti\ccs1110\ccs\tools\compiler\ti-cgt-arm_20.2.5.LTS\lib\</path>
         <kind>archive</kind>
         <file>rtsv7M4_T_le_v4SPD16_eabi.lib</file>
         <name>cpy_tbl.c.obj</name>
      </input_file>
      <input_file id="fl-dd">
         <path>C:\ti\ccs1110\ccs\tools\compiler\ti-cgt-arm_20.2.5.LTS\lib\</path>
         <kind>archive</kind>
         <file>rtsv7M4_T_le_v4SPD16_eabi.lib</file>
         <name>exit.c.obj</name>
      </input_file>
      <input_file id="fl-de">
         <path>C:\ti\ccs1110\ccs\tools\compiler\ti-cgt-arm_20.2.5.LTS\lib\</path>
         <kind>archive</kind>
         <file>rtsv7M4_T_le_v4SPD16_eabi.lib</file>
         <name>_lock.c.obj</name>
      </input_file>
      <input_file id="fl-df">
         <path>C:\ti\ccs1110\ccs\tools\compiler\ti-cgt-arm_20.2.5.LTS\lib\</path>
         <kind>archive</kind>
         <file>rtsv7M4_T_le_v4SPD16_eabi.lib</file>
         <name>_ltoa.c.obj</name>
      </input_file>
      <input_file id="fl-e0">
         <path>C:\ti\ccs1110\ccs\tools\compiler\ti-cgt-arm_20.2.5.LTS\lib\</path>
         <kind>archive</kind>
         <file>rtsv7M4_T_le_v4SPD16_eabi.lib</file>
         <name>args_main.c.obj</name>
      </input_file>
      <input_file id="fl-e1">
         <path>C:\ti\ccs1110\ccs\tools\compiler\ti-cgt-arm_20.2.5.LTS\lib\</path>
         <kind>archive</kind>
         <file>rtsv7M4_T_le_v4SPD16_eabi.lib</file>
         <name>atoi.c.obj</name>
      </input_file>
      <input_file id="fl-e2">
         <path>C:\ti\ccs1110\ccs\tools\compiler\ti-cgt-arm_20.2.5.LTS\lib\</path>
         <kind>archive</kind>
         <file>rtsv7M4_T_le_v4SPD16_eabi.lib</file>
         <name>ctype.c.obj</name>
      </input_file>
      <input_file id="fl-e3">
         <path>C:\ti\ccs1110\ccs\tools\compiler\ti-cgt-arm_20.2.5.LTS\lib\</path>
         <kind>archive</kind>
         <file>rtsv7M4_T_le_v4SPD16_eabi.lib</file>
         <name>memccpy.c.obj</name>
      </input_file>
      <input_file id="fl-e4">
         <path>C:\ti\ccs1110\ccs\tools\compiler\ti-cgt-arm_20.2.5.LTS\lib\</path>
         <kind>archive</kind>
         <file>rtsv7M4_T_le_v4SPD16_eabi.lib</file>
         <name>strchr.c.obj</name>
      </input_file>
      <input_file id="fl-e5">
         <path>C:\ti\ccs1110\ccs\tools\compiler\ti-cgt-arm_20.2.5.LTS\lib\</path>
         <kind>archive</kind>
         <file>rtsv7M4_T_le_v4SPD16_eabi.lib</file>
         <name>strlen.c.obj</name>
      </input_file>
      <input_file id="fl-e6">
         <path>C:\ti\ccs1110\ccs\tools\compiler\ti-cgt-arm_20.2.5.LTS\lib\</path>
         <kind>archive</kind>
         <file>rtsv7M4_T_le_v4SPD16_eabi.lib</file>
         <name>s_copysign.c.obj</name>
      </input_file>
      <input_file id="fl-e7">
         <path>C:\ti\ccs1110\ccs\tools\compiler\ti-cgt-arm_20.2.5.LTS\lib\</path>
         <kind>archive</kind>
         <file>rtsv7M4_T_le_v4SPD16_eabi.lib</file>
         <name>div0.asm.obj</name>
      </input_file>
   </input_file_list>
   <object_component_list>
      <object_component id="oc-12">
         <name>.intvecs</name>
         <load_address>0x0</load_address>
         <run_address>0x0</run_address>
         <size>0x26c</size>
         <input_file_ref idref="fl-7"/>
      </object_component>
      <object_component id="oc-2d">
         <name>.text</name>
         <load_address>0x26c</load_address>
         <run_address>0x26c</run_address>
         <size>0x1fcc</size>
         <input_file_ref idref="fl-2"/>
      </object_component>
      <object_component id="oc-133">
         <name>.text:__TI_printfi</name>
         <load_address>0x2238</load_address>
         <run_address>0x2238</run_address>
         <size>0xa4e</size>
         <input_file_ref idref="fl-d4"/>
      </object_component>
      <object_component id="oc-de">
         <name>.text</name>
         <load_address>0x2c86</load_address>
         <run_address>0x2c86</run_address>
         <size>0x30e</size>
         <input_file_ref idref="fl-5"/>
      </object_component>
      <object_component id="oc-c4">
         <name>.text:log10</name>
         <load_address>0x2f94</load_address>
         <run_address>0x2f94</run_address>
         <size>0x2f4</size>
         <input_file_ref idref="fl-c4"/>
      </object_component>
      <object_component id="oc-1e0">
         <name>.text:_pconv_a</name>
         <load_address>0x3288</load_address>
         <run_address>0x3288</run_address>
         <size>0x270</size>
         <input_file_ref idref="fl-d4"/>
      </object_component>
      <object_component id="oc-1ce">
         <name>.text:_pconv_g</name>
         <load_address>0x34f8</load_address>
         <run_address>0x34f8</run_address>
         <size>0x1d0</size>
         <input_file_ref idref="fl-d4"/>
      </object_component>
      <object_component id="oc-cf">
         <name>.text</name>
         <load_address>0x36c8</load_address>
         <run_address>0x36c8</run_address>
         <size>0x1b6</size>
         <input_file_ref idref="fl-c5"/>
      </object_component>
      <object_component id="oc-2c1">
         <name>.text</name>
         <load_address>0x387e</load_address>
         <run_address>0x387e</run_address>
         <size>0x2</size>
         <input_file_ref idref="fl-e7"/>
      </object_component>
      <object_component id="oc-74">
         <name>.text</name>
         <load_address>0x3880</load_address>
         <run_address>0x3880</run_address>
         <size>0x160</size>
         <input_file_ref idref="fl-8"/>
      </object_component>
      <object_component id="oc-a7">
         <name>.text</name>
         <load_address>0x39e0</load_address>
         <run_address>0x39e0</run_address>
         <size>0x154</size>
         <input_file_ref idref="fl-6"/>
      </object_component>
      <object_component id="oc-1da">
         <name>.text:_pconv_e</name>
         <load_address>0x3b34</load_address>
         <run_address>0x3b34</run_address>
         <size>0x13c</size>
         <input_file_ref idref="fl-d4"/>
      </object_component>
      <object_component id="oc-153">
         <name>.text</name>
         <load_address>0x3c70</load_address>
         <run_address>0x3c70</run_address>
         <size>0x136</size>
         <input_file_ref idref="fl-c7"/>
      </object_component>
      <object_component id="oc-25a">
         <name>.text:fcvt</name>
         <load_address>0x3da8</load_address>
         <run_address>0x3da8</run_address>
         <size>0x124</size>
         <input_file_ref idref="fl-d4"/>
      </object_component>
      <object_component id="oc-26e">
         <name>.text:scalbn</name>
         <load_address>0x3ecc</load_address>
         <run_address>0x3ecc</run_address>
         <size>0x110</size>
         <input_file_ref idref="fl-d6"/>
      </object_component>
      <object_component id="oc-ad">
         <name>.text</name>
         <load_address>0x3fdc</load_address>
         <run_address>0x3fdc</run_address>
         <size>0x104</size>
         <input_file_ref idref="fl-3"/>
      </object_component>
      <object_component id="oc-91">
         <name>.text</name>
         <load_address>0x40e0</load_address>
         <run_address>0x40e0</run_address>
         <size>0xfc</size>
         <input_file_ref idref="fl-c8"/>
      </object_component>
      <object_component id="oc-1c8">
         <name>.text:_ltostr</name>
         <load_address>0x41dc</load_address>
         <run_address>0x41dc</run_address>
         <size>0xb1</size>
         <input_file_ref idref="fl-d4"/>
      </object_component>
      <object_component id="oc-41">
         <name>.text</name>
         <load_address>0x428e</load_address>
         <run_address>0x428e</run_address>
         <size>0x9c</size>
         <input_file_ref idref="fl-cc"/>
      </object_component>
      <object_component id="oc-23c">
         <name>.text</name>
         <load_address>0x432a</load_address>
         <run_address>0x432a</run_address>
         <size>0x96</size>
         <input_file_ref idref="fl-d9"/>
      </object_component>
      <object_component id="oc-9b">
         <name>.text:__aeabi_cdcmple</name>
         <load_address>0x43c0</load_address>
         <run_address>0x43c0</run_address>
         <size>0x86</size>
         <input_file_ref idref="fl-c6"/>
      </object_component>
      <object_component id="oc-96">
         <name>.text:__aeabi_cdrcmple</name>
         <load_address>0x4446</load_address>
         <run_address>0x4446</run_address>
         <size>0x86</size>
         <input_file_ref idref="fl-c6"/>
      </object_component>
      <object_component id="oc-7a">
         <name>.text</name>
         <load_address>0x44cc</load_address>
         <run_address>0x44cc</run_address>
         <size>0x7a</size>
         <input_file_ref idref="fl-ce"/>
      </object_component>
      <object_component id="oc-253">
         <name>.text:_mcpy</name>
         <load_address>0x4546</load_address>
         <run_address>0x4546</run_address>
         <size>0x6e</size>
         <input_file_ref idref="fl-d4"/>
      </object_component>
      <object_component id="oc-ca">
         <name>.text</name>
         <load_address>0x45b4</load_address>
         <run_address>0x45b4</run_address>
         <size>0x6e</size>
         <input_file_ref idref="fl-c9"/>
      </object_component>
      <object_component id="oc-15">
         <name>.text:decompress:lzss:__TI_decompress_lzss</name>
         <load_address>0x4622</load_address>
         <run_address>0x4622</run_address>
         <size>0x68</size>
         <input_file_ref idref="fl-d1"/>
      </object_component>
      <object_component id="oc-268">
         <name>.text:frexp</name>
         <load_address>0x468c</load_address>
         <run_address>0x468c</run_address>
         <size>0x64</size>
         <input_file_ref idref="fl-d5"/>
      </object_component>
      <object_component id="oc-1d4">
         <name>.text:_pconv_f</name>
         <load_address>0x46f0</load_address>
         <run_address>0x46f0</run_address>
         <size>0x56</size>
         <input_file_ref idref="fl-d4"/>
      </object_component>
      <object_component id="oc-247">
         <name>.text:__TI_ltoa</name>
         <load_address>0x4746</load_address>
         <run_address>0x4746</run_address>
         <size>0x54</size>
         <input_file_ref idref="fl-df"/>
      </object_component>
      <object_component id="oc-24d">
         <name>.text:_ecpy</name>
         <load_address>0x479a</load_address>
         <run_address>0x479a</run_address>
         <size>0x52</size>
         <input_file_ref idref="fl-d4"/>
      </object_component>
      <object_component id="oc-1c2">
         <name>.text:atoi</name>
         <load_address>0x47ec</load_address>
         <run_address>0x47ec</run_address>
         <size>0x4c</size>
         <input_file_ref idref="fl-e1"/>
      </object_component>
      <object_component id="oc-242">
         <name>.text</name>
         <load_address>0x4838</load_address>
         <run_address>0x4838</run_address>
         <size>0x48</size>
         <input_file_ref idref="fl-d8"/>
      </object_component>
      <object_component id="oc-188">
         <name>.text:__TI_auto_init_nobinit_nopinit:__TI_auto_init_nobinit_nopinit</name>
         <load_address>0x4880</load_address>
         <run_address>0x4880</run_address>
         <size>0x44</size>
         <input_file_ref idref="fl-da"/>
      </object_component>
      <object_component id="oc-b3">
         <name>.text:sprintf</name>
         <load_address>0x48c4</load_address>
         <run_address>0x48c4</run_address>
         <size>0x40</size>
         <input_file_ref idref="fl-c3"/>
      </object_component>
      <object_component id="oc-260">
         <name>.text:_fcpy</name>
         <load_address>0x4904</load_address>
         <run_address>0x4904</run_address>
         <size>0x3e</size>
         <input_file_ref idref="fl-d4"/>
      </object_component>
      <object_component id="oc-bf">
         <name>.text</name>
         <load_address>0x4942</load_address>
         <run_address>0x4942</run_address>
         <size>0x38</size>
         <input_file_ref idref="fl-ca"/>
      </object_component>
      <object_component id="oc-5f">
         <name>.text:_c_int00_noargs:_c_int00_noargs</name>
         <load_address>0x497c</load_address>
         <run_address>0x497c</run_address>
         <size>0x34</size>
         <input_file_ref idref="fl-d3"/>
      </object_component>
      <object_component id="oc-158">
         <name>.text</name>
         <load_address>0x49b0</load_address>
         <run_address>0x49b0</run_address>
         <size>0x2e</size>
         <input_file_ref idref="fl-cb"/>
      </object_component>
      <object_component id="oc-a1">
         <name>.text</name>
         <load_address>0x49de</load_address>
         <run_address>0x49de</run_address>
         <size>0x24</size>
         <input_file_ref idref="fl-9"/>
      </object_component>
      <object_component id="oc-8c">
         <name>.text</name>
         <load_address>0x4a02</load_address>
         <run_address>0x4a02</run_address>
         <size>0x20</size>
         <input_file_ref idref="fl-cd"/>
      </object_component>
      <object_component id="oc-4d">
         <name>.text:decompress:ZI:__TI_zero_init_nomemset:__TI_zero_init_nomemset</name>
         <load_address>0x4a22</load_address>
         <run_address>0x4a22</run_address>
         <size>0x1c</size>
         <input_file_ref idref="fl-cf"/>
      </object_component>
      <object_component id="oc-1e6">
         <name>.text:memccpy</name>
         <load_address>0x4a3e</load_address>
         <run_address>0x4a3e</run_address>
         <size>0x1c</size>
         <input_file_ref idref="fl-e3"/>
      </object_component>
      <object_component id="oc-2d5">
         <name>.text:copysign</name>
         <load_address>0x4a5a</load_address>
         <run_address>0x4a5a</run_address>
         <size>0x1a</size>
         <input_file_ref idref="fl-e6"/>
      </object_component>
      <object_component id="oc-139">
         <name>.text:_outs</name>
         <load_address>0x4a74</load_address>
         <run_address>0x4a74</run_address>
         <size>0x18</size>
         <input_file_ref idref="fl-c3"/>
      </object_component>
      <object_component id="oc-274">
         <name>.text:strchr</name>
         <load_address>0x4a8c</load_address>
         <run_address>0x4a8c</run_address>
         <size>0x16</size>
         <input_file_ref idref="fl-e4"/>
      </object_component>
      <object_component id="oc-1bc">
         <name>.text:strlen</name>
         <load_address>0x4aa2</load_address>
         <run_address>0x4aa2</run_address>
         <size>0x14</size>
         <input_file_ref idref="fl-e5"/>
      </object_component>
      <object_component id="oc-1ec">
         <name>.text:wcslen</name>
         <load_address>0x4ab6</load_address>
         <run_address>0x4ab6</run_address>
         <size>0x12</size>
         <input_file_ref idref="fl-d7"/>
      </object_component>
      <object_component id="oc-d5">
         <name>.text</name>
         <load_address>0x4ac8</load_address>
         <run_address>0x4ac8</run_address>
         <size>0x10</size>
         <input_file_ref idref="fl-4"/>
      </object_component>
      <object_component id="oc-1b">
         <name>.text:decompress:none:__TI_decompress_none</name>
         <load_address>0x4ad8</load_address>
         <run_address>0x4ad8</run_address>
         <size>0xe</size>
         <input_file_ref idref="fl-d0"/>
      </object_component>
      <object_component id="oc-27">
         <name>.text</name>
         <load_address>0x4ae6</load_address>
         <run_address>0x4ae6</run_address>
         <size>0xc</size>
         <input_file_ref idref="fl-7"/>
      </object_component>
      <object_component id="oc-13f">
         <name>.text:_outc</name>
         <load_address>0x4af2</load_address>
         <run_address>0x4af2</run_address>
         <size>0xa</size>
         <input_file_ref idref="fl-c3"/>
      </object_component>
      <object_component id="oc-14d">
         <name>.text:__aeabi_errno_addr</name>
         <load_address>0x4afc</load_address>
         <run_address>0x4afc</run_address>
         <size>0x8</size>
         <input_file_ref idref="fl-d2"/>
      </object_component>
      <object_component id="oc-10c">
         <name>.text:_system_pre_init</name>
         <load_address>0x4b04</load_address>
         <run_address>0x4b04</run_address>
         <size>0x4</size>
         <input_file_ref idref="fl-db"/>
      </object_component>
      <object_component id="oc-17c">
         <name>.text:abort:abort</name>
         <load_address>0x4b08</load_address>
         <run_address>0x4b08</run_address>
         <size>0x4</size>
         <input_file_ref idref="fl-dd"/>
      </object_component>
      <object_component id="oc-237">
         <name>.const:.string:_ctypes_</name>
         <load_address>0x4b0c</load_address>
         <run_address>0x4b0c</run_address>
         <size>0x101</size>
         <input_file_ref idref="fl-e2"/>
      </object_component>
      <object_component id="oc-88">
         <name>.const:.string:$P$T0$1</name>
         <load_address>0x4c0d</load_address>
         <run_address>0x4c0d</run_address>
         <size>0x2c</size>
         <input_file_ref idref="fl-2"/>
      </object_component>
      <object_component id="oc-336">
         <name>__TI_handler_table</name>
         <load_address>0x4c40</load_address>
         <run_address>0x4c40</run_address>
         <size>0xc</size>
      </object_component>
      <object_component id="oc-339">
         <name>.cinit..bss.load</name>
         <load_address>0x4c50</load_address>
         <run_address>0x4c50</run_address>
         <size>0x8</size>
      </object_component>
      <object_component id="oc-338">
         <name>.cinit..data.load</name>
         <load_address>0x4c58</load_address>
         <run_address>0x4c58</run_address>
         <size>0x7</size>
      </object_component>
      <object_component id="oc-337">
         <name>__TI_cinit_table</name>
         <load_address>0x4c60</load_address>
         <run_address>0x4c60</run_address>
         <size>0x10</size>
      </object_component>
      <object_component id="oc-83">
         <name>.data</name>
         <load_address>0x200010fc</load_address>
         <run_address>0x200010fc</run_address>
         <size>0x5</size>
         <input_file_ref idref="fl-2"/>
      </object_component>
      <object_component id="oc-202">
         <name>.data</name>
         <load_address>0x20001104</load_address>
         <run_address>0x20001104</run_address>
         <size>0x4</size>
         <input_file_ref idref="fl-d2"/>
      </object_component>
      <object_component id="oc-db">
         <name>.common:r</name>
         <uninitialized>true</uninitialized>
         <run_address>0x200010f8</run_address>
         <size>0x2</size>
      </object_component>
      <object_component id="oc-dc">
         <name>.common:g</name>
         <uninitialized>true</uninitialized>
         <run_address>0x200010f0</run_address>
         <size>0x2</size>
      </object_component>
      <object_component id="oc-dd">
         <name>.common:b</name>
         <uninitialized>true</uninitialized>
         <run_address>0x200010ec</run_address>
         <size>0x2</size>
      </object_component>
      <object_component id="oc-ba">
         <name>.common:pwm_r</name>
         <uninitialized>true</uninitialized>
         <run_address>0x200010f6</run_address>
         <size>0x2</size>
      </object_component>
      <object_component id="oc-bc">
         <name>.common:pwm_g</name>
         <uninitialized>true</uninitialized>
         <run_address>0x200010f4</run_address>
         <size>0x2</size>
      </object_component>
      <object_component id="oc-bd">
         <name>.common:pwm_b</name>
         <uninitialized>true</uninitialized>
         <run_address>0x200010f2</run_address>
         <size>0x2</size>
      </object_component>
      <object_component id="oc-bb">
         <name>.common:analog_g</name>
         <uninitialized>true</uninitialized>
         <run_address>0x200010ea</run_address>
         <size>0x2</size>
      </object_component>
      <object_component id="oc-be">
         <name>.common:analog_b</name>
         <uninitialized>true</uninitialized>
         <run_address>0x200010e8</run_address>
         <size>0x2</size>
      </object_component>
      <object_component id="oc-b9">
         <name>.common:position</name>
         <uninitialized>true</uninitialized>
         <run_address>0x200010fb</run_address>
         <size>0x1</size>
      </object_component>
      <object_component id="oc-d4">
         <name>.common:dc</name>
         <uninitialized>true</uninitialized>
         <run_address>0x200010ee</run_address>
         <size>0x2</size>
      </object_component>
      <object_component id="oc-a0">
         <name>.common:time</name>
         <uninitialized>true</uninitialized>
         <run_address>0x20001000</run_address>
         <size>0xc8</size>
      </object_component>
      <object_component id="oc-8b">
         <name>.common:code</name>
         <uninitialized>true</uninitialized>
         <run_address>0x200010fa</run_address>
         <size>0x1</size>
      </object_component>
      <object_component id="oc-7f">
         <name>.common:addr</name>
         <uninitialized>true</uninitialized>
         <run_address>0x200010c8</run_address>
         <size>0x8</size>
      </object_component>
      <object_component id="oc-86">
         <name>.common:data</name>
         <uninitialized>true</uninitialized>
         <run_address>0x200010d8</run_address>
         <size>0x8</size>
      </object_component>
      <object_component id="oc-82">
         <name>.common:addri</name>
         <uninitialized>true</uninitialized>
         <run_address>0x200010d0</run_address>
         <size>0x8</size>
      </object_component>
      <object_component id="oc-87">
         <name>.common:datai</name>
         <uninitialized>true</uninitialized>
         <run_address>0x200010e0</run_address>
         <size>0x8</size>
      </object_component>
      <object_component id="oc-24">
         <name>.stack</name>
         <uninitialized>true</uninitialized>
         <run_address>0x20000000</run_address>
         <size>0x4</size>
         <input_file_ref idref="fl-d3"/>
      </object_component>
      <object_component id="oc-33b">
         <name>.stack</name>
         <uninitialized>true</uninitialized>
         <run_address>0x20000000</run_address>
         <size>0x0</size>
      </object_component>
      <object_component id="oc-80">
         <name>.debug_info</name>
         <load_address>0x0</load_address>
         <run_address>0x0</run_address>
         <size>0x8e8</size>
         <input_file_ref idref="fl-2"/>
      </object_component>
      <object_component id="oc-84">
         <name>.debug_info</name>
         <load_address>0x8e8</load_address>
         <run_address>0x8e8</run_address>
         <size>0x13c</size>
         <input_file_ref idref="fl-2"/>
      </object_component>
      <object_component id="oc-89">
         <name>.debug_info</name>
         <load_address>0xa24</load_address>
         <run_address>0xa24</run_address>
         <size>0xe8</size>
         <input_file_ref idref="fl-2"/>
      </object_component>
      <object_component id="oc-2e">
         <name>.debug_info</name>
         <load_address>0xb0c</load_address>
         <run_address>0xb0c</run_address>
         <size>0x2297</size>
         <input_file_ref idref="fl-2"/>
      </object_component>
      <object_component id="oc-f1">
         <name>.debug_info</name>
         <load_address>0x2da3</load_address>
         <run_address>0x2da3</run_address>
         <size>0x26b</size>
         <input_file_ref idref="fl-2"/>
      </object_component>
      <object_component id="oc-123">
         <name>.debug_info</name>
         <load_address>0x300e</load_address>
         <run_address>0x300e</run_address>
         <size>0x8a</size>
         <input_file_ref idref="fl-2"/>
      </object_component>
      <object_component id="oc-ea">
         <name>.debug_info</name>
         <load_address>0x3098</load_address>
         <run_address>0x3098</run_address>
         <size>0x8b</size>
         <input_file_ref idref="fl-2"/>
      </object_component>
      <object_component id="oc-168">
         <name>.debug_info</name>
         <load_address>0x3123</load_address>
         <run_address>0x3123</run_address>
         <size>0x2a4</size>
         <input_file_ref idref="fl-2"/>
      </object_component>
      <object_component id="oc-e5">
         <name>.debug_info</name>
         <load_address>0x33c7</load_address>
         <run_address>0x33c7</run_address>
         <size>0xbb</size>
         <input_file_ref idref="fl-2"/>
      </object_component>
      <object_component id="oc-147">
         <name>.debug_info</name>
         <load_address>0x3482</load_address>
         <run_address>0x3482</run_address>
         <size>0x2c</size>
         <input_file_ref idref="fl-2"/>
      </object_component>
      <object_component id="oc-b0">
         <name>.debug_info</name>
         <load_address>0x34ae</load_address>
         <run_address>0x34ae</run_address>
         <size>0x284</size>
         <input_file_ref idref="fl-3"/>
      </object_component>
      <object_component id="oc-3c">
         <name>.debug_info</name>
         <load_address>0x3732</load_address>
         <run_address>0x3732</run_address>
         <size>0x84</size>
         <input_file_ref idref="fl-3"/>
      </object_component>
      <object_component id="oc-d9">
         <name>.debug_info</name>
         <load_address>0x37b6</load_address>
         <run_address>0x37b6</run_address>
         <size>0x122</size>
         <input_file_ref idref="fl-4"/>
      </object_component>
      <object_component id="oc-167">
         <name>.debug_info</name>
         <load_address>0x38d8</load_address>
         <run_address>0x38d8</run_address>
         <size>0x2cd</size>
         <input_file_ref idref="fl-5"/>
      </object_component>
      <object_component id="oc-e1">
         <name>.debug_info</name>
         <load_address>0x3ba5</load_address>
         <run_address>0x3ba5</run_address>
         <size>0x58f</size>
         <input_file_ref idref="fl-5"/>
      </object_component>
      <object_component id="oc-174">
         <name>.debug_info</name>
         <load_address>0x4134</load_address>
         <run_address>0x4134</run_address>
         <size>0x2c</size>
         <input_file_ref idref="fl-5"/>
      </object_component>
      <object_component id="oc-210">
         <name>.debug_info</name>
         <load_address>0x4160</load_address>
         <run_address>0x4160</run_address>
         <size>0x35</size>
         <input_file_ref idref="fl-5"/>
      </object_component>
      <object_component id="oc-a9">
         <name>.debug_info</name>
         <load_address>0x4195</load_address>
         <run_address>0x4195</run_address>
         <size>0x1c2</size>
         <input_file_ref idref="fl-6"/>
      </object_component>
      <object_component id="oc-35">
         <name>.debug_info</name>
         <load_address>0x4357</load_address>
         <run_address>0x4357</run_address>
         <size>0x2cc</size>
         <input_file_ref idref="fl-7"/>
      </object_component>
      <object_component id="oc-13">
         <name>.debug_info</name>
         <load_address>0x4623</load_address>
         <run_address>0x4623</run_address>
         <size>0xf5</size>
         <input_file_ref idref="fl-7"/>
      </object_component>
      <object_component id="oc-29">
         <name>.debug_info</name>
         <load_address>0x4718</load_address>
         <run_address>0x4718</run_address>
         <size>0x271</size>
         <input_file_ref idref="fl-7"/>
      </object_component>
      <object_component id="oc-11f">
         <name>.debug_info</name>
         <load_address>0x4989</load_address>
         <run_address>0x4989</run_address>
         <size>0x26b</size>
         <input_file_ref idref="fl-8"/>
      </object_component>
      <object_component id="oc-76">
         <name>.debug_info</name>
         <load_address>0x4bf4</load_address>
         <run_address>0x4bf4</run_address>
         <size>0x353</size>
         <input_file_ref idref="fl-8"/>
      </object_component>
      <object_component id="oc-a2">
         <name>.debug_info</name>
         <load_address>0x4f47</load_address>
         <run_address>0x4f47</run_address>
         <size>0x12c</size>
         <input_file_ref idref="fl-9"/>
      </object_component>
      <object_component id="oc-146">
         <name>.debug_info</name>
         <load_address>0x5073</load_address>
         <run_address>0x5073</run_address>
         <size>0x333</size>
         <input_file_ref idref="fl-c3"/>
      </object_component>
      <object_component id="oc-b7">
         <name>.debug_info</name>
         <load_address>0x53a6</load_address>
         <run_address>0x53a6</run_address>
         <size>0x1d1</size>
         <input_file_ref idref="fl-c3"/>
      </object_component>
      <object_component id="oc-13d">
         <name>.debug_info</name>
         <load_address>0x5577</load_address>
         <run_address>0x5577</run_address>
         <size>0x18d</size>
         <input_file_ref idref="fl-c3"/>
      </object_component>
      <object_component id="oc-140">
         <name>.debug_info</name>
         <load_address>0x5704</load_address>
         <run_address>0x5704</run_address>
         <size>0x16d</size>
         <input_file_ref idref="fl-c3"/>
      </object_component>
      <object_component id="oc-286">
         <name>.debug_info</name>
         <load_address>0x5871</load_address>
         <run_address>0x5871</run_address>
         <size>0x2c</size>
         <input_file_ref idref="fl-c3"/>
      </object_component>
      <object_component id="oc-c6">
         <name>.debug_info</name>
         <load_address>0x589d</load_address>
         <run_address>0x589d</run_address>
         <size>0x4b1</size>
         <input_file_ref idref="fl-c4"/>
      </object_component>
      <object_component id="oc-209">
         <name>.debug_info</name>
         <load_address>0x5d4e</load_address>
         <run_address>0x5d4e</run_address>
         <size>0x46</size>
         <input_file_ref idref="fl-c4"/>
      </object_component>
      <object_component id="oc-15e">
         <name>.debug_info</name>
         <load_address>0x5d94</load_address>
         <run_address>0x5d94</run_address>
         <size>0x39</size>
         <input_file_ref idref="fl-c4"/>
      </object_component>
      <object_component id="oc-d2">
         <name>.debug_info</name>
         <load_address>0x5dcd</load_address>
         <run_address>0x5dcd</run_address>
         <size>0x14c</size>
         <input_file_ref idref="fl-c5"/>
      </object_component>
      <object_component id="oc-9d">
         <name>.debug_info</name>
         <load_address>0x5f19</load_address>
         <run_address>0x5f19</run_address>
         <size>0x128</size>
         <input_file_ref idref="fl-c6"/>
      </object_component>
      <object_component id="oc-99">
         <name>.debug_info</name>
         <load_address>0x6041</load_address>
         <run_address>0x6041</run_address>
         <size>0x12a</size>
         <input_file_ref idref="fl-c6"/>
      </object_component>
      <object_component id="oc-154">
         <name>.debug_info</name>
         <load_address>0x616b</load_address>
         <run_address>0x616b</run_address>
         <size>0x13a</size>
         <input_file_ref idref="fl-c7"/>
      </object_component>
      <object_component id="oc-92">
         <name>.debug_info</name>
         <load_address>0x62a5</load_address>
         <run_address>0x62a5</run_address>
         <size>0x13a</size>
         <input_file_ref idref="fl-c8"/>
      </object_component>
      <object_component id="oc-cb">
         <name>.debug_info</name>
         <load_address>0x63df</load_address>
         <run_address>0x63df</run_address>
         <size>0x13e</size>
         <input_file_ref idref="fl-c9"/>
      </object_component>
      <object_component id="oc-c0">
         <name>.debug_info</name>
         <load_address>0x651d</load_address>
         <run_address>0x651d</run_address>
         <size>0x12c</size>
         <input_file_ref idref="fl-ca"/>
      </object_component>
      <object_component id="oc-15b">
         <name>.debug_info</name>
         <load_address>0x6649</load_address>
         <run_address>0x6649</run_address>
         <size>0x12c</size>
         <input_file_ref idref="fl-cb"/>
      </object_component>
      <object_component id="oc-43">
         <name>.debug_info</name>
         <load_address>0x6775</load_address>
         <run_address>0x6775</run_address>
         <size>0x119</size>
         <input_file_ref idref="fl-cc"/>
      </object_component>
      <object_component id="oc-8d">
         <name>.debug_info</name>
         <load_address>0x688e</load_address>
         <run_address>0x688e</run_address>
         <size>0x12e</size>
         <input_file_ref idref="fl-cd"/>
      </object_component>
      <object_component id="oc-7d">
         <name>.debug_info</name>
         <load_address>0x69bc</load_address>
         <run_address>0x69bc</run_address>
         <size>0x147</size>
         <input_file_ref idref="fl-ce"/>
      </object_component>
      <object_component id="oc-10a">
         <name>.debug_info</name>
         <load_address>0x6b03</load_address>
         <run_address>0x6b03</run_address>
         <size>0x2d4</size>
         <input_file_ref idref="fl-cf"/>
      </object_component>
      <object_component id="oc-50">
         <name>.debug_info</name>
         <load_address>0x6dd7</load_address>
         <run_address>0x6dd7</run_address>
         <size>0x1d2</size>
         <input_file_ref idref="fl-cf"/>
      </object_component>
      <object_component id="oc-105">
         <name>.debug_info</name>
         <load_address>0x6fa9</load_address>
         <run_address>0x6fa9</run_address>
         <size>0x46</size>
         <input_file_ref idref="fl-cf"/>
      </object_component>
      <object_component id="oc-4c">
         <name>.debug_info</name>
         <load_address>0x6fef</load_address>
         <run_address>0x6fef</run_address>
         <size>0x2a8</size>
         <input_file_ref idref="fl-d0"/>
      </object_component>
      <object_component id="oc-1f">
         <name>.debug_info</name>
         <load_address>0x7297</load_address>
         <run_address>0x7297</run_address>
         <size>0x1ea</size>
         <input_file_ref idref="fl-d0"/>
      </object_component>
      <object_component id="oc-47">
         <name>.debug_info</name>
         <load_address>0x7481</load_address>
         <run_address>0x7481</run_address>
         <size>0x46</size>
         <input_file_ref idref="fl-d0"/>
      </object_component>
      <object_component id="oc-fd">
         <name>.debug_info</name>
         <load_address>0x74c7</load_address>
         <run_address>0x74c7</run_address>
         <size>0x2c</size>
         <input_file_ref idref="fl-d0"/>
      </object_component>
      <object_component id="oc-fb">
         <name>.debug_info</name>
         <load_address>0x74f3</load_address>
         <run_address>0x74f3</run_address>
         <size>0x29e</size>
         <input_file_ref idref="fl-d1"/>
      </object_component>
      <object_component id="oc-19">
         <name>.debug_info</name>
         <load_address>0x7791</load_address>
         <run_address>0x7791</run_address>
         <size>0x250</size>
         <input_file_ref idref="fl-d1"/>
      </object_component>
      <object_component id="oc-37">
         <name>.debug_info</name>
         <load_address>0x79e1</load_address>
         <run_address>0x79e1</run_address>
         <size>0x60</size>
         <input_file_ref idref="fl-d1"/>
      </object_component>
      <object_component id="oc-16d">
         <name>.debug_info</name>
         <load_address>0x7a41</load_address>
         <run_address>0x7a41</run_address>
         <size>0x46</size>
         <input_file_ref idref="fl-d1"/>
      </object_component>
      <object_component id="oc-f6">
         <name>.debug_info</name>
         <load_address>0x7a87</load_address>
         <run_address>0x7a87</run_address>
         <size>0x39</size>
         <input_file_ref idref="fl-d1"/>
      </object_component>
      <object_component id="oc-206">
         <name>.debug_info</name>
         <load_address>0x7ac0</load_address>
         <run_address>0x7ac0</run_address>
         <size>0x289</size>
         <input_file_ref idref="fl-d2"/>
      </object_component>
      <object_component id="oc-203">
         <name>.debug_info</name>
         <load_address>0x7d49</load_address>
         <run_address>0x7d49</run_address>
         <size>0x10e</size>
         <input_file_ref idref="fl-d2"/>
      </object_component>
      <object_component id="oc-151">
         <name>.debug_info</name>
         <load_address>0x7e57</load_address>
         <run_address>0x7e57</run_address>
         <size>0x14e</size>
         <input_file_ref idref="fl-d2"/>
      </object_component>
      <object_component id="oc-25">
         <name>.debug_info</name>
         <load_address>0x7fa5</load_address>
         <run_address>0x7fa5</run_address>
         <size>0x10b</size>
         <input_file_ref idref="fl-d3"/>
      </object_component>
      <object_component id="oc-63">
         <name>.debug_info</name>
         <load_address>0x80b0</load_address>
         <run_address>0x80b0</run_address>
         <size>0x1a9</size>
         <input_file_ref idref="fl-d3"/>
      </object_component>
      <object_component id="oc-1f3">
         <name>.debug_info</name>
         <load_address>0x8259</load_address>
         <run_address>0x8259</run_address>
         <size>0x590</size>
         <input_file_ref idref="fl-d4"/>
      </object_component>
      <object_component id="oc-1c9">
         <name>.debug_info</name>
         <load_address>0x87e9</load_address>
         <run_address>0x87e9</run_address>
         <size>0x21e</size>
         <input_file_ref idref="fl-d4"/>
      </object_component>
      <object_component id="oc-24f">
         <name>.debug_info</name>
         <load_address>0x8a07</load_address>
         <run_address>0x8a07</run_address>
         <size>0x1b3</size>
         <input_file_ref idref="fl-d4"/>
      </object_component>
      <object_component id="oc-255">
         <name>.debug_info</name>
         <load_address>0x8bba</load_address>
         <run_address>0x8bba</run_address>
         <size>0x21b</size>
         <input_file_ref idref="fl-d4"/>
      </object_component>
      <object_component id="oc-1d0">
         <name>.debug_info</name>
         <load_address>0x8dd5</load_address>
         <run_address>0x8dd5</run_address>
         <size>0x3c0</size>
         <input_file_ref idref="fl-d4"/>
      </object_component>
      <object_component id="oc-25c">
         <name>.debug_info</name>
         <load_address>0x9195</load_address>
         <run_address>0x9195</run_address>
         <size>0x30a</size>
         <input_file_ref idref="fl-d4"/>
      </object_component>
      <object_component id="oc-262">
         <name>.debug_info</name>
         <load_address>0x949f</load_address>
         <run_address>0x949f</run_address>
         <size>0x215</size>
         <input_file_ref idref="fl-d4"/>
      </object_component>
      <object_component id="oc-1d5">
         <name>.debug_info</name>
         <load_address>0x96b4</load_address>
         <run_address>0x96b4</run_address>
         <size>0x215</size>
         <input_file_ref idref="fl-d4"/>
      </object_component>
      <object_component id="oc-1dc">
         <name>.debug_info</name>
         <load_address>0x98c9</load_address>
         <run_address>0x98c9</run_address>
         <size>0x304</size>
         <input_file_ref idref="fl-d4"/>
      </object_component>
      <object_component id="oc-1e1">
         <name>.debug_info</name>
         <load_address>0x9bcd</load_address>
         <run_address>0x9bcd</run_address>
         <size>0x4b5</size>
         <input_file_ref idref="fl-d4"/>
      </object_component>
      <object_component id="oc-134">
         <name>.debug_info</name>
         <load_address>0xa082</load_address>
         <run_address>0xa082</run_address>
         <size>0x5f4</size>
         <input_file_ref idref="fl-d4"/>
      </object_component>
      <object_component id="oc-1f4">
         <name>.debug_info</name>
         <load_address>0xa676</load_address>
         <run_address>0xa676</run_address>
         <size>0x86</size>
         <input_file_ref idref="fl-d4"/>
      </object_component>
      <object_component id="oc-28b">
         <name>.debug_info</name>
         <load_address>0xa6fc</load_address>
         <run_address>0xa6fc</run_address>
         <size>0x39</size>
         <input_file_ref idref="fl-d4"/>
      </object_component>
      <object_component id="oc-2e8">
         <name>.debug_info</name>
         <load_address>0xa735</load_address>
         <run_address>0xa735</run_address>
         <size>0xb6</size>
         <input_file_ref idref="fl-d4"/>
      </object_component>
      <object_component id="oc-290">
         <name>.debug_info</name>
         <load_address>0xa7eb</load_address>
         <run_address>0xa7eb</run_address>
         <size>0x46</size>
         <input_file_ref idref="fl-d4"/>
      </object_component>
      <object_component id="oc-1f9">
         <name>.debug_info</name>
         <load_address>0xa831</load_address>
         <run_address>0xa831</run_address>
         <size>0x46</size>
         <input_file_ref idref="fl-d4"/>
      </object_component>
      <object_component id="oc-2cf">
         <name>.debug_info</name>
         <load_address>0xa877</load_address>
         <run_address>0xa877</run_address>
         <size>0x295</size>
         <input_file_ref idref="fl-d5"/>
      </object_component>
      <object_component id="oc-26a">
         <name>.debug_info</name>
         <load_address>0xab0c</load_address>
         <run_address>0xab0c</run_address>
         <size>0x195</size>
         <input_file_ref idref="fl-d5"/>
      </object_component>
      <object_component id="oc-303">
         <name>.debug_info</name>
         <load_address>0xaca1</load_address>
         <run_address>0xaca1</run_address>
         <size>0x39</size>
         <input_file_ref idref="fl-d5"/>
      </object_component>
      <object_component id="oc-2d0">
         <name>.debug_info</name>
         <load_address>0xacda</load_address>
         <run_address>0xacda</run_address>
         <size>0x2c</size>
         <input_file_ref idref="fl-d5"/>
      </object_component>
      <object_component id="oc-2dc">
         <name>.debug_info</name>
         <load_address>0xad06</load_address>
         <run_address>0xad06</run_address>
         <size>0x2f8</size>
         <input_file_ref idref="fl-d6"/>
      </object_component>
      <object_component id="oc-26f">
         <name>.debug_info</name>
         <load_address>0xaffe</load_address>
         <run_address>0xaffe</run_address>
         <size>0x225</size>
         <input_file_ref idref="fl-d6"/>
      </object_component>
      <object_component id="oc-283">
         <name>.debug_info</name>
         <load_address>0xb223</load_address>
         <run_address>0xb223</run_address>
         <size>0x28f</size>
         <input_file_ref idref="fl-d7"/>
      </object_component>
      <object_component id="oc-1f0">
         <name>.debug_info</name>
         <load_address>0xb4b2</load_address>
         <run_address>0xb4b2</run_address>
         <size>0x15a</size>
         <input_file_ref idref="fl-d7"/>
      </object_component>
      <object_component id="oc-2e1">
         <name>.debug_info</name>
         <load_address>0xb60c</load_address>
         <run_address>0xb60c</run_address>
         <size>0x46</size>
         <input_file_ref idref="fl-d7"/>
      </object_component>
      <object_component id="oc-27e">
         <name>.debug_info</name>
         <load_address>0xb652</load_address>
         <run_address>0xb652</run_address>
         <size>0x39</size>
         <input_file_ref idref="fl-d7"/>
      </object_component>
      <object_component id="oc-244">
         <name>.debug_info</name>
         <load_address>0xb68b</load_address>
         <run_address>0xb68b</run_address>
         <size>0x12e</size>
         <input_file_ref idref="fl-d8"/>
      </object_component>
      <object_component id="oc-23d">
         <name>.debug_info</name>
         <load_address>0xb7b9</load_address>
         <run_address>0xb7b9</run_address>
         <size>0x134</size>
         <input_file_ref idref="fl-d9"/>
      </object_component>
      <object_component id="oc-220">
         <name>.debug_info</name>
         <load_address>0xb8ed</load_address>
         <run_address>0xb8ed</run_address>
         <size>0x4b3</size>
         <input_file_ref idref="fl-da"/>
      </object_component>
      <object_component id="oc-18a">
         <name>.debug_info</name>
         <load_address>0xbda0</load_address>
         <run_address>0xbda0</run_address>
         <size>0x1a6</size>
         <input_file_ref idref="fl-da"/>
      </object_component>
      <object_component id="oc-2a9">
         <name>.debug_info</name>
         <load_address>0xbf46</load_address>
         <run_address>0xbf46</run_address>
         <size>0x39</size>
         <input_file_ref idref="fl-da"/>
      </object_component>
      <object_component id="oc-2f0">
         <name>.debug_info</name>
         <load_address>0xbf7f</load_address>
         <run_address>0xbf7f</run_address>
         <size>0x39</size>
         <input_file_ref idref="fl-da"/>
      </object_component>
      <object_component id="oc-2ae">
         <name>.debug_info</name>
         <load_address>0xbfb8</load_address>
         <run_address>0xbfb8</run_address>
         <size>0x39</size>
         <input_file_ref idref="fl-da"/>
      </object_component>
      <object_component id="oc-2b3">
         <name>.debug_info</name>
         <load_address>0xbff1</load_address>
         <run_address>0xbff1</run_address>
         <size>0xcd</size>
         <input_file_ref idref="fl-da"/>
      </object_component>
      <object_component id="oc-10d">
         <name>.debug_info</name>
         <load_address>0xc0be</load_address>
         <run_address>0xc0be</run_address>
         <size>0x153</size>
         <input_file_ref idref="fl-db"/>
      </object_component>
      <object_component id="oc-17d">
         <name>.debug_info</name>
         <load_address>0xc211</load_address>
         <run_address>0xc211</run_address>
         <size>0x122</size>
         <input_file_ref idref="fl-dd"/>
      </object_component>
      <object_component id="oc-2c9">
         <name>.debug_info</name>
         <load_address>0xc333</load_address>
         <run_address>0xc333</run_address>
         <size>0x29c</size>
         <input_file_ref idref="fl-df"/>
      </object_component>
      <object_component id="oc-248">
         <name>.debug_info</name>
         <load_address>0xc5cf</load_address>
         <run_address>0xc5cf</run_address>
         <size>0x1da</size>
         <input_file_ref idref="fl-df"/>
      </object_component>
      <object_component id="oc-23b">
         <name>.debug_info</name>
         <load_address>0xc7a9</load_address>
         <run_address>0xc7a9</run_address>
         <size>0x2b9</size>
         <input_file_ref idref="fl-e1"/>
      </object_component>
      <object_component id="oc-1c4">
         <name>.debug_info</name>
         <load_address>0xca62</load_address>
         <run_address>0xca62</run_address>
         <size>0x17c</size>
         <input_file_ref idref="fl-e1"/>
      </object_component>
      <object_component id="oc-2be">
         <name>.debug_info</name>
         <load_address>0xcbde</load_address>
         <run_address>0xcbde</run_address>
         <size>0xf9</size>
         <input_file_ref idref="fl-e2"/>
      </object_component>
      <object_component id="oc-238">
         <name>.debug_info</name>
         <load_address>0xccd7</load_address>
         <run_address>0xccd7</run_address>
         <size>0x105</size>
         <input_file_ref idref="fl-e2"/>
      </object_component>
      <object_component id="oc-27c">
         <name>.debug_info</name>
         <load_address>0xcddc</load_address>
         <run_address>0xcddc</run_address>
         <size>0x2a7</size>
         <input_file_ref idref="fl-e3"/>
      </object_component>
      <object_component id="oc-1ea">
         <name>.debug_info</name>
         <load_address>0xd083</load_address>
         <run_address>0xd083</run_address>
         <size>0x1b8</size>
         <input_file_ref idref="fl-e3"/>
      </object_component>
      <object_component id="oc-2de">
         <name>.debug_info</name>
         <load_address>0xd23b</load_address>
         <run_address>0xd23b</run_address>
         <size>0x29a</size>
         <input_file_ref idref="fl-e4"/>
      </object_component>
      <object_component id="oc-276">
         <name>.debug_info</name>
         <load_address>0xd4d5</load_address>
         <run_address>0xd4d5</run_address>
         <size>0x262</size>
         <input_file_ref idref="fl-e4"/>
      </object_component>
      <object_component id="oc-236">
         <name>.debug_info</name>
         <load_address>0xd737</load_address>
         <run_address>0xd737</run_address>
         <size>0x28f</size>
         <input_file_ref idref="fl-e5"/>
      </object_component>
      <object_component id="oc-1bd">
         <name>.debug_info</name>
         <load_address>0xd9c6</load_address>
         <run_address>0xd9c6</run_address>
         <size>0x245</size>
         <input_file_ref idref="fl-e5"/>
      </object_component>
      <object_component id="oc-2d6">
         <name>.debug_info</name>
         <load_address>0xdc0b</load_address>
         <run_address>0xdc0b</run_address>
         <size>0x161</size>
         <input_file_ref idref="fl-e6"/>
      </object_component>
      <object_component id="oc-2c3">
         <name>.debug_info</name>
         <load_address>0xdd6c</load_address>
         <run_address>0xdd6c</run_address>
         <size>0x115</size>
         <input_file_ref idref="fl-e7"/>
      </object_component>
      <object_component id="oc-33c">
         <name>.debug_info</name>
         <load_address>0xde81</load_address>
         <run_address>0xde81</run_address>
         <size>0xa8</size>
      </object_component>
      <object_component id="oc-122">
         <name>.debug_line</name>
         <load_address>0x0</load_address>
         <run_address>0x0</run_address>
         <size>0x129</size>
         <input_file_ref idref="fl-2"/>
      </object_component>
      <object_component id="oc-129">
         <name>.debug_line</name>
         <load_address>0x129</load_address>
         <run_address>0x129</run_address>
         <size>0x3f</size>
         <input_file_ref idref="fl-2"/>
      </object_component>
      <object_component id="oc-12b">
         <name>.debug_line</name>
         <load_address>0x168</load_address>
         <run_address>0x168</run_address>
         <size>0x3f</size>
         <input_file_ref idref="fl-2"/>
      </object_component>
      <object_component id="oc-32">
         <name>.debug_line</name>
         <load_address>0x1a7</load_address>
         <run_address>0x1a7</run_address>
         <size>0xb21</size>
         <input_file_ref idref="fl-2"/>
      </object_component>
      <object_component id="oc-f4">
         <name>.debug_line</name>
         <load_address>0xcc8</load_address>
         <run_address>0xcc8</run_address>
         <size>0x6f</size>
         <input_file_ref idref="fl-2"/>
      </object_component>
      <object_component id="oc-126">
         <name>.debug_line</name>
         <load_address>0xd37</load_address>
         <run_address>0xd37</run_address>
         <size>0x31</size>
         <input_file_ref idref="fl-2"/>
      </object_component>
      <object_component id="oc-ed">
         <name>.debug_line</name>
         <load_address>0xd68</load_address>
         <run_address>0xd68</run_address>
         <size>0x20</size>
         <input_file_ref idref="fl-2"/>
      </object_component>
      <object_component id="oc-16b">
         <name>.debug_line</name>
         <load_address>0xd88</load_address>
         <run_address>0xd88</run_address>
         <size>0x73</size>
         <input_file_ref idref="fl-2"/>
      </object_component>
      <object_component id="oc-e8">
         <name>.debug_line</name>
         <load_address>0xdfb</load_address>
         <run_address>0xdfb</run_address>
         <size>0x70</size>
         <input_file_ref idref="fl-2"/>
      </object_component>
      <object_component id="oc-14a">
         <name>.debug_line</name>
         <load_address>0xe6b</load_address>
         <run_address>0xe6b</run_address>
         <size>0x6b</size>
         <input_file_ref idref="fl-2"/>
      </object_component>
      <object_component id="oc-af">
         <name>.debug_line</name>
         <load_address>0xed6</load_address>
         <run_address>0xed6</run_address>
         <size>0xa8</size>
         <input_file_ref idref="fl-3"/>
      </object_component>
      <object_component id="oc-3f">
         <name>.debug_line</name>
         <load_address>0xf7e</load_address>
         <run_address>0xf7e</run_address>
         <size>0x20</size>
         <input_file_ref idref="fl-3"/>
      </object_component>
      <object_component id="oc-d6">
         <name>.debug_line</name>
         <load_address>0xf9e</load_address>
         <run_address>0xf9e</run_address>
         <size>0x43</size>
         <input_file_ref idref="fl-4"/>
      </object_component>
      <object_component id="oc-20f">
         <name>.debug_line</name>
         <load_address>0xfe1</load_address>
         <run_address>0xfe1</run_address>
         <size>0x2e</size>
         <input_file_ref idref="fl-5"/>
      </object_component>
      <object_component id="oc-df">
         <name>.debug_line</name>
         <load_address>0x100f</load_address>
         <run_address>0x100f</run_address>
         <size>0x19f</size>
         <input_file_ref idref="fl-5"/>
      </object_component>
      <object_component id="oc-177">
         <name>.debug_line</name>
         <load_address>0x11ae</load_address>
         <run_address>0x11ae</run_address>
         <size>0x6b</size>
         <input_file_ref idref="fl-5"/>
      </object_component>
      <object_component id="oc-213">
         <name>.debug_line</name>
         <load_address>0x1219</load_address>
         <run_address>0x1219</run_address>
         <size>0x74</size>
         <input_file_ref idref="fl-5"/>
      </object_component>
      <object_component id="oc-a8">
         <name>.debug_line</name>
         <load_address>0x128d</load_address>
         <run_address>0x128d</run_address>
         <size>0x7e</size>
         <input_file_ref idref="fl-6"/>
      </object_component>
      <object_component id="oc-f0">
         <name>.debug_line</name>
         <load_address>0x130b</load_address>
         <run_address>0x130b</run_address>
         <size>0x41</size>
         <input_file_ref idref="fl-7"/>
      </object_component>
      <object_component id="oc-34">
         <name>.debug_line</name>
         <load_address>0x134c</load_address>
         <run_address>0x134c</run_address>
         <size>0x41</size>
         <input_file_ref idref="fl-7"/>
      </object_component>
      <object_component id="oc-28">
         <name>.debug_line</name>
         <load_address>0x138d</load_address>
         <run_address>0x138d</run_address>
         <size>0xa1</size>
         <input_file_ref idref="fl-7"/>
      </object_component>
      <object_component id="oc-1bb">
         <name>.debug_line</name>
         <load_address>0x142e</load_address>
         <run_address>0x142e</run_address>
         <size>0x20</size>
         <input_file_ref idref="fl-8"/>
      </object_component>
      <object_component id="oc-79">
         <name>.debug_line</name>
         <load_address>0x144e</load_address>
         <run_address>0x144e</run_address>
         <size>0xeb</size>
         <input_file_ref idref="fl-8"/>
      </object_component>
      <object_component id="oc-a5">
         <name>.debug_line</name>
         <load_address>0x1539</load_address>
         <run_address>0x1539</run_address>
         <size>0x52</size>
         <input_file_ref idref="fl-9"/>
      </object_component>
      <object_component id="oc-201">
         <name>.debug_line</name>
         <load_address>0x158b</load_address>
         <run_address>0x158b</run_address>
         <size>0x2d</size>
         <input_file_ref idref="fl-c3"/>
      </object_component>
      <object_component id="oc-b4">
         <name>.debug_line</name>
         <load_address>0x15b8</load_address>
         <run_address>0x15b8</run_address>
         <size>0x4b</size>
         <input_file_ref idref="fl-c3"/>
      </object_component>
      <object_component id="oc-13c">
         <name>.debug_line</name>
         <load_address>0x1603</load_address>
         <run_address>0x1603</run_address>
         <size>0x4b</size>
         <input_file_ref idref="fl-c3"/>
      </object_component>
      <object_component id="oc-144">
         <name>.debug_line</name>
         <load_address>0x164e</load_address>
         <run_address>0x164e</run_address>
         <size>0x3f</size>
         <input_file_ref idref="fl-c3"/>
      </object_component>
      <object_component id="oc-289">
         <name>.debug_line</name>
         <load_address>0x168d</load_address>
         <run_address>0x168d</run_address>
         <size>0x91</size>
         <input_file_ref idref="fl-c3"/>
      </object_component>
      <object_component id="oc-c9">
         <name>.debug_line</name>
         <load_address>0x171e</load_address>
         <run_address>0x171e</run_address>
         <size>0xac</size>
         <input_file_ref idref="fl-c4"/>
      </object_component>
      <object_component id="oc-20c">
         <name>.debug_line</name>
         <load_address>0x17ca</load_address>
         <run_address>0x17ca</run_address>
         <size>0x9a</size>
         <input_file_ref idref="fl-c4"/>
      </object_component>
      <object_component id="oc-161">
         <name>.debug_line</name>
         <load_address>0x1864</load_address>
         <run_address>0x1864</run_address>
         <size>0x97</size>
         <input_file_ref idref="fl-c4"/>
      </object_component>
      <object_component id="oc-d0">
         <name>.debug_line</name>
         <load_address>0x18fb</load_address>
         <run_address>0x18fb</run_address>
         <size>0xd2</size>
         <input_file_ref idref="fl-c5"/>
      </object_component>
      <object_component id="oc-9c">
         <name>.debug_line</name>
         <load_address>0x19cd</load_address>
         <run_address>0x19cd</run_address>
         <size>0x77</size>
         <input_file_ref idref="fl-c6"/>
      </object_component>
      <object_component id="oc-98">
         <name>.debug_line</name>
         <load_address>0x1a44</load_address>
         <run_address>0x1a44</run_address>
         <size>0x77</size>
         <input_file_ref idref="fl-c6"/>
      </object_component>
      <object_component id="oc-157">
         <name>.debug_line</name>
         <load_address>0x1abb</load_address>
         <run_address>0x1abb</run_address>
         <size>0xa8</size>
         <input_file_ref idref="fl-c7"/>
      </object_component>
      <object_component id="oc-95">
         <name>.debug_line</name>
         <load_address>0x1b63</load_address>
         <run_address>0x1b63</run_address>
         <size>0x8e</size>
         <input_file_ref idref="fl-c8"/>
      </object_component>
      <object_component id="oc-ce">
         <name>.debug_line</name>
         <load_address>0x1bf1</load_address>
         <run_address>0x1bf1</run_address>
         <size>0x67</size>
         <input_file_ref idref="fl-c9"/>
      </object_component>
      <object_component id="oc-c3">
         <name>.debug_line</name>
         <load_address>0x1c58</load_address>
         <run_address>0x1c58</run_address>
         <size>0x57</size>
         <input_file_ref idref="fl-ca"/>
      </object_component>
      <object_component id="oc-159">
         <name>.debug_line</name>
         <load_address>0x1caf</load_address>
         <run_address>0x1caf</run_address>
         <size>0x50</size>
         <input_file_ref idref="fl-cb"/>
      </object_component>
      <object_component id="oc-45">
         <name>.debug_line</name>
         <load_address>0x1cff</load_address>
         <run_address>0x1cff</run_address>
         <size>0x88</size>
         <input_file_ref idref="fl-cc"/>
      </object_component>
      <object_component id="oc-90">
         <name>.debug_line</name>
         <load_address>0x1d87</load_address>
         <run_address>0x1d87</run_address>
         <size>0x4c</size>
         <input_file_ref idref="fl-cd"/>
      </object_component>
      <object_component id="oc-7c">
         <name>.debug_line</name>
         <load_address>0x1dd3</load_address>
         <run_address>0x1dd3</run_address>
         <size>0x79</size>
         <input_file_ref idref="fl-ce"/>
      </object_component>
      <object_component id="oc-17a">
         <name>.debug_line</name>
         <load_address>0x1e4c</load_address>
         <run_address>0x1e4c</run_address>
         <size>0x92</size>
         <input_file_ref idref="fl-cf"/>
      </object_component>
      <object_component id="oc-52">
         <name>.debug_line</name>
         <load_address>0x1ede</load_address>
         <run_address>0x1ede</run_address>
         <size>0x56</size>
         <input_file_ref idref="fl-cf"/>
      </object_component>
      <object_component id="oc-108">
         <name>.debug_line</name>
         <load_address>0x1f34</load_address>
         <run_address>0x1f34</run_address>
         <size>0x34</size>
         <input_file_ref idref="fl-cf"/>
      </object_component>
      <object_component id="oc-103">
         <name>.debug_line</name>
         <load_address>0x1f68</load_address>
         <run_address>0x1f68</run_address>
         <size>0x20</size>
         <input_file_ref idref="fl-d0"/>
      </object_component>
      <object_component id="oc-1d">
         <name>.debug_line</name>
         <load_address>0x1f88</load_address>
         <run_address>0x1f88</run_address>
         <size>0x55</size>
         <input_file_ref idref="fl-d0"/>
      </object_component>
      <object_component id="oc-4a">
         <name>.debug_line</name>
         <load_address>0x1fdd</load_address>
         <run_address>0x1fdd</run_address>
         <size>0x3a</size>
         <input_file_ref idref="fl-d0"/>
      </object_component>
      <object_component id="oc-100">
         <name>.debug_line</name>
         <load_address>0x2017</load_address>
         <run_address>0x2017</run_address>
         <size>0x92</size>
         <input_file_ref idref="fl-d0"/>
      </object_component>
      <object_component id="oc-173">
         <name>.debug_line</name>
         <load_address>0x20a9</load_address>
         <run_address>0x20a9</run_address>
         <size>0x20</size>
         <input_file_ref idref="fl-d1"/>
      </object_component>
      <object_component id="oc-17">
         <name>.debug_line</name>
         <load_address>0x20c9</load_address>
         <run_address>0x20c9</run_address>
         <size>0xa9</size>
         <input_file_ref idref="fl-d1"/>
      </object_component>
      <object_component id="oc-3a">
         <name>.debug_line</name>
         <load_address>0x2172</load_address>
         <run_address>0x2172</run_address>
         <size>0x3a</size>
         <input_file_ref idref="fl-d1"/>
      </object_component>
      <object_component id="oc-170">
         <name>.debug_line</name>
         <load_address>0x21ac</load_address>
         <run_address>0x21ac</run_address>
         <size>0x9a</size>
         <input_file_ref idref="fl-d1"/>
      </object_component>
      <object_component id="oc-f9">
         <name>.debug_line</name>
         <load_address>0x2246</load_address>
         <run_address>0x2246</run_address>
         <size>0x96</size>
         <input_file_ref idref="fl-d1"/>
      </object_component>
      <object_component id="oc-298">
         <name>.debug_line</name>
         <load_address>0x22dc</load_address>
         <run_address>0x22dc</run_address>
         <size>0x20</size>
         <input_file_ref idref="fl-d2"/>
      </object_component>
      <object_component id="oc-296">
         <name>.debug_line</name>
         <load_address>0x22fc</load_address>
         <run_address>0x22fc</run_address>
         <size>0x2b</size>
         <input_file_ref idref="fl-d2"/>
      </object_component>
      <object_component id="oc-150">
         <name>.debug_line</name>
         <load_address>0x2327</load_address>
         <run_address>0x2327</run_address>
         <size>0x40</size>
         <input_file_ref idref="fl-d2"/>
      </object_component>
      <object_component id="oc-72">
         <name>.debug_line</name>
         <load_address>0x2367</load_address>
         <run_address>0x2367</run_address>
         <size>0x33</size>
         <input_file_ref idref="fl-d3"/>
      </object_component>
      <object_component id="oc-62">
         <name>.debug_line</name>
         <load_address>0x239a</load_address>
         <run_address>0x239a</run_address>
         <size>0x45</size>
         <input_file_ref idref="fl-d3"/>
      </object_component>
      <object_component id="oc-285">
         <name>.debug_line</name>
         <load_address>0x23df</load_address>
         <run_address>0x23df</run_address>
         <size>0x264</size>
         <input_file_ref idref="fl-d4"/>
      </object_component>
      <object_component id="oc-1cc">
         <name>.debug_line</name>
         <load_address>0x2643</load_address>
         <run_address>0x2643</run_address>
         <size>0x7a</size>
         <input_file_ref idref="fl-d4"/>
      </object_component>
      <object_component id="oc-24e">
         <name>.debug_line</name>
         <load_address>0x26bd</load_address>
         <run_address>0x26bd</run_address>
         <size>0x51</size>
         <input_file_ref idref="fl-d4"/>
      </object_component>
      <object_component id="oc-254">
         <name>.debug_line</name>
         <load_address>0x270e</load_address>
         <run_address>0x270e</run_address>
         <size>0x88</size>
         <input_file_ref idref="fl-d4"/>
      </object_component>
      <object_component id="oc-1cf">
         <name>.debug_line</name>
         <load_address>0x2796</load_address>
         <run_address>0x2796</run_address>
         <size>0x14d</size>
         <input_file_ref idref="fl-d4"/>
      </object_component>
      <object_component id="oc-25b">
         <name>.debug_line</name>
         <load_address>0x28e3</load_address>
         <run_address>0x28e3</run_address>
         <size>0xee</size>
         <input_file_ref idref="fl-d4"/>
      </object_component>
      <object_component id="oc-261">
         <name>.debug_line</name>
         <load_address>0x29d1</load_address>
         <run_address>0x29d1</run_address>
         <size>0x5d</size>
         <input_file_ref idref="fl-d4"/>
      </object_component>
      <object_component id="oc-1d8">
         <name>.debug_line</name>
         <load_address>0x2a2e</load_address>
         <run_address>0x2a2e</run_address>
         <size>0x5c</size>
         <input_file_ref idref="fl-d4"/>
      </object_component>
      <object_component id="oc-1db">
         <name>.debug_line</name>
         <load_address>0x2a8a</load_address>
         <run_address>0x2a8a</run_address>
         <size>0xae</size>
         <input_file_ref idref="fl-d4"/>
      </object_component>
      <object_component id="oc-1e4">
         <name>.debug_line</name>
         <load_address>0x2b38</load_address>
         <run_address>0x2b38</run_address>
         <size>0x1b0</size>
         <input_file_ref idref="fl-d4"/>
      </object_component>
      <object_component id="oc-137">
         <name>.debug_line</name>
         <load_address>0x2ce8</load_address>
         <run_address>0x2ce8</run_address>
         <size>0x76f</size>
         <input_file_ref idref="fl-d4"/>
      </object_component>
      <object_component id="oc-1f7">
         <name>.debug_line</name>
         <load_address>0x3457</load_address>
         <run_address>0x3457</run_address>
         <size>0x92</size>
         <input_file_ref idref="fl-d4"/>
      </object_component>
      <object_component id="oc-28e">
         <name>.debug_line</name>
         <load_address>0x34e9</load_address>
         <run_address>0x34e9</run_address>
         <size>0x92</size>
         <input_file_ref idref="fl-d4"/>
      </object_component>
      <object_component id="oc-2eb">
         <name>.debug_line</name>
         <load_address>0x357b</load_address>
         <run_address>0x357b</run_address>
         <size>0x9a</size>
         <input_file_ref idref="fl-d4"/>
      </object_component>
      <object_component id="oc-293">
         <name>.debug_line</name>
         <load_address>0x3615</load_address>
         <run_address>0x3615</run_address>
         <size>0x97</size>
[...]
      </symbol>
      <symbol id="sm-a">
         <name>__STACK_SIZE</name>
         <value>0x1000</value>
      </symbol>
      <symbol id="sm-b">
         <name>__STACK_END</name>
         <value>0x20001000</value>
      </symbol>
      <symbol id="sm-c">
         <name>__c_args__</name>
         <value>0xffffffff</value>
      </symbol>
      <symbol id="sm-d">
         <name>__TI_pprof_out_hndl</name>
         <value>0xffffffff</value>
      </symbol>
      <symbol id="sm-e">
         <name>__TI_prof_data_start</name>
         <value>0xffffffff</value>
      </symbol>
      <symbol id="sm-f">
         <name>__TI_prof_data_size</name>
         <value>0xffffffff</value>
      </symbol>
      <symbol id="sm-1d0">
         <name>r</name>
         <value>0x200010f8</value>
      </symbol>
      <symbol id="sm-1d1">
         <name>g</name>
         <value>0x200010f0</value>
      </symbol>
      <symbol id="sm-1d2">
         <name>b</name>
         <value>0x200010ec</value>
      </symbol>
      <symbol id="sm-1d3">
         <name>pwm_r</name>
         <value>0x200010f6</value>
      </symbol>
      <symbol id="sm-1d4">
         <name>pwm_g</name>
         <value>0x200010f4</value>
      </symbol>
      <symbol id="sm-1d5">
         <name>pwm_b</name>
         <value>0x200010f2</value>
      </symbol>
      <symbol id="sm-1d6">
         <name>analog_g</name>
         <value>0x200010ea</value>
      </symbol>
      <symbol id="sm-1d7">
         <name>analog_b</name>
         <value>0x200010e8</value>
      </symbol>
      <symbol id="sm-1d8">
         <name>position</name>
         <value>0x200010fb</value>
      </symbol>
      <symbol id="sm-1d9">
         <name>dc</name>
         <value>0x200010ee</value>
      </symbol>
      <symbol id="sm-1da">
         <name>time</name>
         <value>0x20001000</value>
      </symbol>
      <symbol id="sm-1db">
         <name>code</name>
         <value>0x200010fa</value>
      </symbol>
      <symbol id="sm-1dc">
         <name>addr</name>
         <value>0x200010c8</value>
      </symbol>
      <symbol id="sm-1dd">
         <name>data</name>
         <value>0x200010d8</value>
      </symbol>
      <symbol id="sm-1de">
         <name>addri</name>
         <value>0x200010d0</value>
      </symbol>
      <symbol id="sm-1df">
         <name>datai</name>
         <value>0x200010e0</value>
      </symbol>
      <symbol id="sm-1e0">
         <name>sepCheck</name>
         <value>0x5f1</value>
         <object_component_ref idref="oc-2d"/>
      </symbol>
      <symbol id="sm-1e1">
         <name>checkComp</name>
         <value>0x32f</value>
         <object_component_ref idref="oc-2d"/>
      </symbol>
      <symbol id="sm-1e2">
         <name>initHw</name>
         <value>0x1139</value>
         <object_component_ref idref="oc-2d"/>
      </symbol>
      <symbol id="sm-1e3">
         <name>goTube</name>
         <value>0xd55</value>
         <object_component_ref idref="oc-2d"/>
      </symbol>
      <symbol id="sm-1e4">
         <name>phase</name>
         <value>0x200010fe</value>
         <object_component_ref idref="oc-83"/>
      </symbol>
      <symbol id="sm-1e5">
         <name>stepCW</name>
         <value>0xa1d</value>
         <object_component_ref idref="oc-2d"/>
      </symbol>
      <symbol id="sm-1e6">
         <name>pH_Calc</name>
         <value>0xf5d</value>
         <object_component_ref idref="oc-2d"/>
      </symbol>
      <symbol id="sm-1e7">
         <name>applyPhase</name>
         <value>0x97d</value>
         <object_component_ref idref="oc-2d"/>
      </symbol>
      <symbol id="sm-1e8">
         <name>help</name>
         <value>0x132d</value>
         <object_component_ref idref="oc-2d"/>
      </symbol>
      <symbol id="sm-1e9">
         <name>Cl_Calc</name>
         <value>0x104d</value>
         <object_component_ref idref="oc-2d"/>
      </symbol>
      <symbol id="sm-1ea">
         <name>valid</name>
         <value>0x20001100</value>
         <object_component_ref idref="oc-83"/>
      </symbol>
      <symbol id="sm-1eb">
         <name>enableTimerMode</name>
         <value>0x26d</value>
         <object_component_ref idref="oc-2d"/>
      </symbol>
      <symbol id="sm-1ec">
         <name>invertBit</name>
         <value>0x30b</value>
         <object_component_ref idref="oc-2d"/>
      </symbol>
      <symbol id="sm-1ed">
         <name>home</name>
         <value>0xa9d</value>
         <object_component_ref idref="oc-2d"/>
      </symbol>
      <symbol id="sm-1ee">
         <name>calibrate</name>
         <value>0xb15</value>
         <object_component_ref idref="oc-2d"/>
      </symbol>
      <symbol id="sm-1ef">
         <name>print_Welcome</name>
         <value>0x11d9</value>
         <object_component_ref idref="oc-2d"/>
      </symbol>
      <symbol id="sm-1f0">
         <name>getButton</name>
         <value>0x3fb</value>
         <object_component_ref idref="oc-2d"/>
      </symbol>
      <symbol id="sm-1f1">
         <name>main</name>
         <value>0x1781</value>
         <object_component_ref idref="oc-2d"/>
      </symbol>
      <symbol id="sm-1f2">
         <name>measure</name>
         <value>0xde9</value>
         <object_component_ref idref="oc-2d"/>
      </symbol>
      <symbol id="sm-1f3">
         <name>putiUart0</name>
         <value>0x459</value>
         <object_component_ref idref="oc-2d"/>
      </symbol>
      <symbol id="sm-1f4">
         <name>calpos</name>
         <value>0xcc9</value>
         <object_component_ref idref="oc-2d"/>
      </symbol>
      <symbol id="sm-1f5">
         <name>putintUart0</name>
         <value>0x501</value>
         <object_component_ref idref="oc-2d"/>
      </symbol>
      <symbol id="sm-1f6">
         <name>gpioIsr</name>
         <value>0x711</value>
         <object_component_ref idref="oc-2d"/>
      </symbol>
      <symbol id="sm-1f7">
         <name>stepCCW</name>
         <value>0xa4d</value>
         <object_component_ref idref="oc-2d"/>
      </symbol>
      <symbol id="sm-1f8">
         <name>dectoHex</name>
         <value>0x541</value>
         <object_component_ref idref="oc-2d"/>
      </symbol>
      <symbol id="sm-1f9">
         <name>count</name>
         <value>0x200010ff</value>
         <object_component_ref idref="oc-83"/>
      </symbol>
      <symbol id="sm-1fa">
         <name>analog_r</name>
         <value>0x200010fc</value>
         <object_component_ref idref="oc-83"/>
      </symbol>
      <symbol id="sm-1fb">
         <name>bToI</name>
         <value>0x2ab</value>
         <object_component_ref idref="oc-2d"/>
      </symbol>
      <symbol id="sm-1fc">
         <name>setPosition</name>
         <value>0xa89</value>
         <object_component_ref idref="oc-2d"/>
      </symbol>
      <symbol id="sm-220">
         <name>readAdc0Ss3</name>
         <value>0x408f</value>
         <object_component_ref idref="oc-ad"/>
      </symbol>
      <symbol id="sm-221">
         <name>setAdc0Ss3Log2AverageCount</name>
         <value>0x4023</value>
         <object_component_ref idref="oc-ad"/>
      </symbol>
      <symbol id="sm-222">
         <name>initAdc0Ss3</name>
         <value>0x3fdd</value>
         <object_component_ref idref="oc-ad"/>
      </symbol>
      <symbol id="sm-223">
         <name>setAdc0Ss3Mux</name>
         <value>0x4067</value>
         <object_component_ref idref="oc-ad"/>
      </symbol>
      <symbol id="sm-230">
         <name>initSystemClockTo40Mhz</name>
         <value>0x4ac9</value>
         <object_component_ref idref="oc-d5"/>
      </symbol>
      <symbol id="sm-267">
         <name>myComp</name>
         <value>0x2f53</value>
         <object_component_ref idref="oc-de"/>
      </symbol>
      <symbol id="sm-268">
         <name>isCommand</name>
         <value>0x2f29</value>
         <object_component_ref idref="oc-de"/>
      </symbol>
      <symbol id="sm-269">
         <name>getFieldString</name>
         <value>0x2e5f</value>
         <object_component_ref idref="oc-de"/>
      </symbol>
      <symbol id="sm-26a">
         <name>parseFields</name>
         <value>0x2d0d</value>
         <object_component_ref idref="oc-de"/>
      </symbol>
      <symbol id="sm-26b">
         <name>getFieldInteger</name>
         <value>0x2ec3</value>
         <object_component_ref idref="oc-de"/>
      </symbol>
      <symbol id="sm-26c">
         <name>getsUart0</name>
         <value>0x2c87</value>
         <object_component_ref idref="oc-de"/>
      </symbol>
      <symbol id="sm-28d">
         <name>setRgbColor</name>
         <value>0x3ab3</value>
         <object_component_ref idref="oc-a7"/>
      </symbol>
      <symbol id="sm-28e">
         <name>initRgb</name>
         <value>0x39e1</value>
         <object_component_ref idref="oc-a7"/>
      </symbol>
      <symbol id="sm-2aa">
         <name>ResetISR</name>
         <value>0x4ae7</value>
         <object_component_ref idref="oc-27"/>
      </symbol>
      <symbol id="sm-2ab">
         <name>g_pfnVectors</name>
         <value>0x0</value>
         <object_component_ref idref="oc-12"/>
      </symbol>
      <symbol id="sm-2d2">
         <name>getcUart0</name>
         <value>0x397d</value>
         <object_component_ref idref="oc-74"/>
      </symbol>
      <symbol id="sm-2d3">
         <name>kbhitUart0</name>
         <value>0x3991</value>
         <object_component_ref idref="oc-74"/>
      </symbol>
      <symbol id="sm-2d4">
         <name>setUart0BaudRate</name>
         <value>0x38f5</value>
         <object_component_ref idref="oc-74"/>
      </symbol>
      <symbol id="sm-2d5">
         <name>putsUart0</name>
         <value>0x3951</value>
         <object_component_ref idref="oc-74"/>
      </symbol>
      <symbol id="sm-2d6">
         <name>initUart0</name>
         <value>0x3881</value>
         <object_component_ref idref="oc-74"/>
      </symbol>
      <symbol id="sm-2d7">
         <name>putcUart0</name>
         <value>0x3935</value>
         <object_component_ref idref="oc-74"/>
      </symbol>
      <symbol id="sm-2e5">
         <name>waitMicrosecond</name>
         <value>0x49df</value>
         <object_component_ref idref="oc-a1"/>
      </symbol>
      <symbol id="sm-30c">
         <name>sprintf</name>
         <value>0x48c5</value>
         <object_component_ref idref="oc-b3"/>
      </symbol>
      <symbol id="sm-33f">
         <name>log10</name>
         <value>0x2f95</value>
         <object_component_ref idref="oc-c4"/>
      </symbol>
      <symbol id="sm-340">
         <name>log10l</name>
         <value>0x2f95</value>
         <object_component_ref idref="oc-c4"/>
      </symbol>
      <symbol id="sm-357">
         <name>__aeabi_dsub</name>
         <value>0x36c9</value>
         <object_component_ref idref="oc-cf"/>
      </symbol>
      <symbol id="sm-358">
         <name>__aeabi_dadd</name>
         <value>0x36d3</value>
         <object_component_ref idref="oc-cf"/>
      </symbol>
      <symbol id="sm-37a">
         <name>__aeabi_cdcmpeq</name>
         <value>0x43c1</value>
         <object_component_ref idref="oc-9b"/>
      </symbol>
      <symbol id="sm-37b">
         <name>__aeabi_cdcmple</name>
         <value>0x43c1</value>
         <object_component_ref idref="oc-9b"/>
      </symbol>
      <symbol id="sm-37c">
         <name>__aeabi_cdrcmple</name>
         <value>0x4447</value>
         <object_component_ref idref="oc-96"/>
      </symbol>
      <symbol id="sm-390">
         <name>__aeabi_ddiv</name>
         <value>0x3c71</value>
         <object_component_ref idref="oc-153"/>
      </symbol>
      <symbol id="sm-39b">
         <name>__aeabi_dmul</name>
         <value>0x40e1</value>
         <object_component_ref idref="oc-91"/>
      </symbol>
      <symbol id="sm-3a7">
         <name>__aeabi_d2f</name>
         <value>0x45b5</value>
         <object_component_ref idref="oc-ca"/>
      </symbol>
      <symbol id="sm-3b2">
         <name>__aeabi_f2d</name>
         <value>0x4943</value>
         <object_component_ref idref="oc-bf"/>
      </symbol>
      <symbol id="sm-3bc">
         <name>__aeabi_i2d</name>
         <value>0x49b1</value>
         <object_component_ref idref="oc-158"/>
      </symbol>
      <symbol id="sm-3d7">
         <name>memcpy</name>
         <value>0x428f</value>
         <object_component_ref idref="oc-41"/>
      </symbol>
      <symbol id="sm-3d8">
         <name>__aeabi_memcpy</name>
         <value>0x428f</value>
         <object_component_ref idref="oc-41"/>
      </symbol>
      <symbol id="sm-3d9">
         <name>__aeabi_memcpy8</name>
         <value>0x428f</value>
         <object_component_ref idref="oc-41"/>
      </symbol>
      <symbol id="sm-3da">
         <name>__aeabi_memcpy4</name>
         <value>0x428f</value>
         <object_component_ref idref="oc-41"/>
      </symbol>
      <symbol id="sm-3e4">
         <name>__aeabi_ui2d</name>
         <value>0x4a03</value>
         <object_component_ref idref="oc-8c"/>
      </symbol>
      <symbol id="sm-3f3">
         <name>__aeabi_memset</name>
         <value>0x44cf</value>
         <object_component_ref idref="oc-7a"/>
      </symbol>
      <symbol id="sm-3f4">
         <name>memset</name>
         <value>0x44d5</value>
         <object_component_ref idref="oc-7a"/>
      </symbol>
      <symbol id="sm-3f5">
         <name>__aeabi_memset8</name>
         <value>0x44cf</value>
         <object_component_ref idref="oc-7a"/>
      </symbol>
      <symbol id="sm-3f6">
         <name>__aeabi_memset4</name>
         <value>0x44cf</value>
         <object_component_ref idref="oc-7a"/>
      </symbol>
      <symbol id="sm-3f7">
         <name>__aeabi_memclr8</name>
         <value>0x44cd</value>
         <object_component_ref idref="oc-7a"/>
      </symbol>
      <symbol id="sm-3f8">
         <name>__aeabi_memclr4</name>
         <value>0x44cd</value>
         <object_component_ref idref="oc-7a"/>
      </symbol>
      <symbol id="sm-3f9">
         <name>__aeabi_memclr</name>
         <value>0x44cd</value>
         <object_component_ref idref="oc-7a"/>
      </symbol>
      <symbol id="sm-40d">
         <name>__TI_zero_init_nomemset</name>
         <value>0x4a23</value>
         <object_component_ref idref="oc-4d"/>
      </symbol>
      <symbol id="sm-424">
         <name>__TI_decompress_none</name>
         <value>0x4ad9</value>
         <object_component_ref idref="oc-1b"/>
      </symbol>
      <symbol id="sm-447">
         <name>__TI_decompress_lzss</name>
         <value>0x4623</value>
         <object_component_ref idref="oc-15"/>
      </symbol>
      <symbol id="sm-45d">
         <name>__aeabi_errno_addr</name>
         <value>0x4afd</value>
         <object_component_ref idref="oc-14d"/>
      </symbol>
      <symbol id="sm-45e">
         <name>errno</name>
         <value>0x20001104</value>
         <object_component_ref idref="oc-202"/>
      </symbol>
      <symbol id="sm-471">
         <name>__stack</name>
         <value>0x20000000</value>
         <object_component_ref idref="oc-24"/>
      </symbol>
      <symbol id="sm-472">
         <name>_c_int00_noargs</name>
         <value>0x497d</value>
         <object_component_ref idref="oc-5f"/>
      </symbol>
      <symbol id="sm-5d7">
         <name>__TI_printfi</name>
         <value>0x2239</value>
         <object_component_ref idref="oc-133"/>
      </symbol>
      <symbol id="sm-5f7">
         <name>frexpl</name>
         <value>0x468d</value>
         <object_component_ref idref="oc-268"/>
      </symbol>
      <symbol id="sm-5f8">
         <name>frexp</name>
         <value>0x468d</value>
         <object_component_ref idref="oc-268"/>
      </symbol>
      <symbol id="sm-615">
         <name>scalbn</name>
         <value>0x3ecd</value>
         <object_component_ref idref="oc-26e"/>
      </symbol>
      <symbol id="sm-616">
         <name>scalbnl</name>
         <value>0x3ecd</value>
         <object_component_ref idref="oc-26e"/>
      </symbol>
      <symbol id="sm-617">
         <name>ldexpl</name>
         <value>0x3ecd</value>
         <object_component_ref idref="oc-26e"/>
      </symbol>
      <symbol id="sm-618">
         <name>ldexp</name>
         <value>0x3ecd</value>
         <object_component_ref idref="oc-26e"/>
      </symbol>
      <symbol id="sm-631">
         <name>wcslen</name>
         <value>0x4ab7</value>
         <object_component_ref idref="oc-1ec"/>
      </symbol>
      <symbol id="sm-63b">
         <name>__aeabi_d2iz</name>
         <value>0x4839</value>
         <object_component_ref idref="oc-242"/>
      </symbol>
      <symbol id="sm-648">
         <name>__aeabi_uldivmod</name>
         <value>0x432b</value>
         <object_component_ref idref="oc-23c"/>
      </symbol>
      <symbol id="sm-670">
         <name>__TI_auto_init_nobinit_nopinit</name>
         <value>0x4881</value>
         <object_component_ref idref="oc-188"/>
      </symbol>
      <symbol id="sm-67a">
         <name>_system_pre_init</name>
         <value>0x4b05</value>
         <object_component_ref idref="oc-10c"/>
      </symbol>
      <symbol id="sm-686">
         <name>C$$EXIT</name>
         <value>0x4b09</value>
         <object_component_ref idref="oc-17c"/>
      </symbol>
      <symbol id="sm-687">
         <name>abort</name>
         <value>0x4b09</value>
         <object_component_ref idref="oc-17c"/>
      </symbol>
      <symbol id="sm-697">
         <name>__TI_ltoa</name>
         <value>0x4747</value>
         <object_component_ref idref="oc-247"/>
      </symbol>
      <symbol id="sm-6ae">
         <name>atoi</name>
         <value>0x47ed</value>
         <object_component_ref idref="oc-1c2"/>
      </symbol>
      <symbol id="sm-6b9">
         <name>_ctypes_</name>
         <value>0x4b0c</value>
         <object_component_ref idref="oc-237"/>
      </symbol>
      <symbol id="sm-6c9">
         <name>memccpy</name>
         <value>0x4a3f</value>
         <object_component_ref idref="oc-1e6"/>
      </symbol>
      <symbol id="sm-6d9">
         <name>strchr</name>
         <value>0x4a8d</value>
         <object_component_ref idref="oc-274"/>
      </symbol>
      <symbol id="sm-6e7">
         <name>strlen</name>
         <value>0x4aa3</value>
         <object_component_ref idref="oc-1bc"/>
      </symbol>
      <symbol id="sm-6f1">
         <name>copysign</name>
         <value>0x4a5b</value>
         <object_component_ref idref="oc-2d5"/>
      </symbol>
      <symbol id="sm-6f2">
         <name>copysignl</name>
         <value>0x4a5b</value>
         <object_component_ref idref="oc-2d5"/>
      </symbol>
      <symbol id="sm-6fc">
         <name>__aeabi_idiv0</name>
         <value>0x387f</value>
         <object_component_ref idref="oc-2c1"/>
      </symbol>
      <symbol id="sm-6fd">
         <name>__aeabi_ldiv0</name>
         <value>0x387f</value>
         <object_component_ref idref="oc-2c1"/>
      </symbol>
      <symbol id="sm-6fe">
         <name>__TI_static_base__</name>
         <value>0x0</value>
      </symbol>
      <symbol id="sm-701">
         <name>__mpu_init</name>
         <value>0x0</value>
      </symbol>
      <symbol id="sm-702">
         <name>_system_post_cinit</name>
         <value>0x0</value>
      </symbol>
   </symbol_table>
   <title>Link successful</title>
</link_info>
